// Jest Snapshot v1, https://goo.gl/fbAQLP

exports[`LoginForm snapshot testing 1`] = `
<form
  className="loginForm"
  onSubmit={[Function]}
>
  <input
    className="loginForm-field"
    name="email"
    onChange={[Function]}
    value=""
  />
  <input
    className="loginForm-field"
    name="password"
    onChange={[Function]}
    type="password"
    value=""
  />
  <input
    checked={false}
    name="remember"
    onChange={[Function]}
    type="checkbox"
  />
  <button
    disabled={true}
  >
    Login
  </button>
</form>
`;

exports[`LoginForm snapshot testing withisLoading 1`] = `
<form
  className="loginForm"
  onSubmit={[Function]}
>
  <input
    className="loginForm-field"
    name="email"
    onChange={[Function]}
    value=""
  />
  <input
    className="loginForm-field"
    name="password"
    onChange={[Function]}
    type="password"
    value=""
  />
  <input
    checked={false}
    name="remember"
    onChange={[Function]}
    type="checkbox"
  />
  <button
    disabled={true}
  >
    Login
  </button>
</form>
`;
